&wit.Resolve{
    Worlds:     nil,
    Interfaces: {
        &wit.Interface{
            _typeOwner: wit._typeOwner{},
            _worldItem: wit._worldItem{},
            Name:       &"foo",
            TypeDefs:   {
                "r": &wit.TypeDef{
                    _type:      wit._type{},
                    _worldItem: wit._worldItem{},
                    Name:       &"r",
                    Kind:       &wit.Resource{},
                    Owner:      &wit.Interface{(CYCLIC REFERENCE)},
                    Docs:       wit.Docs{},
                },
            },
            Functions: {},
            Package:   &wit.Package{
                Name: wit.Ident{
                    Namespace: "some",
                    Package:   "dep",
                    Extension: "",
                    Version:   (*semver.Version)(nil),
                },
                Interfaces: {
                    "foo": &wit.Interface{(CYCLIC REFERENCE)},
                },
                Worlds: {},
                Docs:   wit.Docs{},
            },
            Docs: wit.Docs{},
        },
        &wit.Interface{
            _typeOwner: wit._typeOwner{},
            _worldItem: wit._worldItem{},
            Name:       &"foo",
            TypeDefs:   {
                "r": &wit.TypeDef{
                    _type:      wit._type{},
                    _worldItem: wit._worldItem{},
                    Name:       &"r",
                    Kind:       &wit.TypeDef{(CYCLIC REFERENCE)},
                    Owner:      &wit.Interface{(CYCLIC REFERENCE)},
                    Docs:       wit.Docs{},
                },
                "t": &wit.TypeDef{
                    _type:      wit._type{},
                    _worldItem: wit._worldItem{},
                    Name:       &"t",
                    Kind:       &wit.Own{
                        _handle: wit._handle{},
                        Type:    &wit.TypeDef{(CYCLIC REFERENCE)},
                    },
                    Owner: &wit.Interface{(CYCLIC REFERENCE)},
                    Docs:  wit.Docs{},
                },
            },
            Functions: {},
            Package:   &wit.Package{
                Name: wit.Ident{
                    Namespace: "foo",
                    Package:   "bar",
                    Extension: "",
                    Version:   (*semver.Version)(nil),
                },
                Interfaces: {
                    "foo": &wit.Interface{(CYCLIC REFERENCE)},
                },
                Worlds: {},
                Docs:   wit.Docs{},
            },
            Docs: wit.Docs{},
        },
    },
    TypeDefs: {
        &wit.TypeDef{
            _type:      wit._type{},
            _worldItem: wit._worldItem{},
            Name:       &"r",
            Kind:       &wit.Resource{},
            Owner:      &wit.Interface{(CYCLIC REFERENCE)},
            Docs:       wit.Docs{},
        },
        &wit.TypeDef{
            _type:      wit._type{},
            _worldItem: wit._worldItem{},
            Name:       &"r",
            Kind:       &wit.TypeDef{(CYCLIC REFERENCE)},
            Owner:      &wit.Interface{(CYCLIC REFERENCE)},
            Docs:       wit.Docs{},
        },
        &wit.TypeDef{
            _type:      wit._type{},
            _worldItem: wit._worldItem{},
            Name:       &"t",
            Kind:       &wit.Own{
                _handle: wit._handle{},
                Type:    &wit.TypeDef{(CYCLIC REFERENCE)},
            },
            Owner: &wit.Interface{(CYCLIC REFERENCE)},
            Docs:  wit.Docs{},
        },
    },
    Packages: {
        &wit.Package{
            Name: wit.Ident{
                Namespace: "some",
                Package:   "dep",
                Extension: "",
                Version:   (*semver.Version)(nil),
            },
            Interfaces: {
                "foo": &wit.Interface{(CYCLIC REFERENCE)},
            },
            Worlds: {},
            Docs:   wit.Docs{},
        },
        &wit.Package{
            Name: wit.Ident{
                Namespace: "foo",
                Package:   "bar",
                Extension: "",
                Version:   (*semver.Version)(nil),
            },
            Interfaces: {
                "foo": &wit.Interface{(CYCLIC REFERENCE)},
            },
            Worlds: {},
            Docs:   wit.Docs{},
        },
    },
}