&wit.Resolve{
    Worlds: {
        &wit.World{
            _typeOwner: wit._typeOwner{},
            Name:       "imports",
            Imports:    {
                "interface-0": &wit.Interface{
                    _typeOwner: wit._typeOwner{},
                    _worldItem: wit._worldItem{},
                    Name:       &"types",
                    TypeDefs:   {
                        "foo": &wit.TypeDef{
                            _type:      wit._type{},
                            _worldItem: wit._worldItem{},
                            Name:       &"foo",
                            Kind:       &wit.Resource{},
                            Owner:      &wit.Interface{(CYCLIC REFERENCE)},
                            Docs:       wit.Docs{},
                        },
                    },
                    Functions: {
                        "[method]foo.bar": &wit.Function{
                            _worldItem: wit._worldItem{},
                            Name:       "[method]foo.bar",
                            Kind:       &wit.Method{
                                _functionKind: wit._functionKind{},
                                Type:          &wit.TypeDef{(CYCLIC REFERENCE)},
                            },
                            Params: {
                                {
                                    Name: "self",
                                    Type: &wit.TypeDef{
                                        _type:      wit._type{},
                                        _worldItem: wit._worldItem{},
                                        Name:       (*string)(nil),
                                        Kind:       &wit.Borrow{
                                            _handle: wit._handle{},
                                            Type:    &wit.TypeDef{(CYCLIC REFERENCE)},
                                        },
                                        Owner: nil,
                                        Docs:  wit.Docs{},
                                    },
                                },
                                {
                                    Name: "arg",
                                    Type: wit.U32{},
                                },
                            },
                            Results: nil,
                            Docs:    wit.Docs{},
                        },
                        "[method]foo.foo": &wit.Function{
                            _worldItem: wit._worldItem{},
                            Name:       "[method]foo.foo",
                            Kind:       &wit.Method{
                                _functionKind: wit._functionKind{},
                                Type:          &wit.TypeDef{(CYCLIC REFERENCE)},
                            },
                            Params: {
                                {
                                    Name: "self",
                                    Type: &wit.TypeDef{
                                        _type:      wit._type{},
                                        _worldItem: wit._worldItem{},
                                        Name:       (*string)(nil),
                                        Kind:       &wit.Borrow{
                                            _handle: wit._handle{},
                                            Type:    &wit.TypeDef{(CYCLIC REFERENCE)},
                                        },
                                        Owner: nil,
                                        Docs:  wit.Docs{},
                                    },
                                },
                            },
                            Results: nil,
                            Docs:    wit.Docs{},
                        },
                    },
                    Package: &wit.Package{
                        Name: wit.Ident{
                            Namespace: "examples",
                            Package:   "resources-in-world",
                            Extension: "",
                            Version:   (*semver.Version)(nil),
                        },
                        Interfaces: {
                            "types": &wit.Interface{(CYCLIC REFERENCE)},
                        },
                        Worlds: {
                            "imports": &wit.World{(CYCLIC REFERENCE)},
                        },
                        Docs: wit.Docs{},
                    },
                    Docs: wit.Docs{},
                },
            },
            Exports: {},
            Package: &wit.Package{
                Name: wit.Ident{
                    Namespace: "examples",
                    Package:   "resources-in-world",
                    Extension: "",
                    Version:   (*semver.Version)(nil),
                },
                Interfaces: {
                    "types": &wit.Interface{
                        _typeOwner: wit._typeOwner{},
                        _worldItem: wit._worldItem{},
                        Name:       &"types",
                        TypeDefs:   {
                            "foo": &wit.TypeDef{
                                _type:      wit._type{},
                                _worldItem: wit._worldItem{},
                                Name:       &"foo",
                                Kind:       &wit.Resource{},
                                Owner:      &wit.Interface{(CYCLIC REFERENCE)},
                                Docs:       wit.Docs{},
                            },
                        },
                        Functions: {
                            "[method]foo.bar": &wit.Function{
                                _worldItem: wit._worldItem{},
                                Name:       "[method]foo.bar",
                                Kind:       &wit.Method{
                                    _functionKind: wit._functionKind{},
                                    Type:          &wit.TypeDef{(CYCLIC REFERENCE)},
                                },
                                Params: {
                                    {
                                        Name: "self",
                                        Type: &wit.TypeDef{
                                            _type:      wit._type{},
                                            _worldItem: wit._worldItem{},
                                            Name:       (*string)(nil),
                                            Kind:       &wit.Borrow{
                                                _handle: wit._handle{},
                                                Type:    &wit.TypeDef{(CYCLIC REFERENCE)},
                                            },
                                            Owner: nil,
                                            Docs:  wit.Docs{},
                                        },
                                    },
                                    {
                                        Name: "arg",
                                        Type: wit.U32{},
                                    },
                                },
                                Results: nil,
                                Docs:    wit.Docs{},
                            },
                            "[method]foo.foo": &wit.Function{
                                _worldItem: wit._worldItem{},
                                Name:       "[method]foo.foo",
                                Kind:       &wit.Method{
                                    _functionKind: wit._functionKind{},
                                    Type:          &wit.TypeDef{(CYCLIC REFERENCE)},
                                },
                                Params: {
                                    {
                                        Name: "self",
                                        Type: &wit.TypeDef{
                                            _type:      wit._type{},
                                            _worldItem: wit._worldItem{},
                                            Name:       (*string)(nil),
                                            Kind:       &wit.Borrow{
                                                _handle: wit._handle{},
                                                Type:    &wit.TypeDef{(CYCLIC REFERENCE)},
                                            },
                                            Owner: nil,
                                            Docs:  wit.Docs{},
                                        },
                                    },
                                },
                                Results: nil,
                                Docs:    wit.Docs{},
                            },
                        },
                        Package: &wit.Package{(CYCLIC REFERENCE)},
                        Docs:    wit.Docs{},
                    },
                },
                Worlds: {
                    "imports": &wit.World{(CYCLIC REFERENCE)},
                },
                Docs: wit.Docs{},
            },
            Docs: wit.Docs{},
        },
    },
    Interfaces: {
        &wit.Interface{
            _typeOwner: wit._typeOwner{},
            _worldItem: wit._worldItem{},
            Name:       &"types",
            TypeDefs:   {
                "foo": &wit.TypeDef{
                    _type:      wit._type{},
                    _worldItem: wit._worldItem{},
                    Name:       &"foo",
                    Kind:       &wit.Resource{},
                    Owner:      &wit.Interface{(CYCLIC REFERENCE)},
                    Docs:       wit.Docs{},
                },
            },
            Functions: {
                "[method]foo.bar": &wit.Function{
                    _worldItem: wit._worldItem{},
                    Name:       "[method]foo.bar",
                    Kind:       &wit.Method{
                        _functionKind: wit._functionKind{},
                        Type:          &wit.TypeDef{(CYCLIC REFERENCE)},
                    },
                    Params: {
                        {
                            Name: "self",
                            Type: &wit.TypeDef{
                                _type:      wit._type{},
                                _worldItem: wit._worldItem{},
                                Name:       (*string)(nil),
                                Kind:       &wit.Borrow{
                                    _handle: wit._handle{},
                                    Type:    &wit.TypeDef{(CYCLIC REFERENCE)},
                                },
                                Owner: nil,
                                Docs:  wit.Docs{},
                            },
                        },
                        {
                            Name: "arg",
                            Type: wit.U32{},
                        },
                    },
                    Results: nil,
                    Docs:    wit.Docs{},
                },
                "[method]foo.foo": &wit.Function{
                    _worldItem: wit._worldItem{},
                    Name:       "[method]foo.foo",
                    Kind:       &wit.Method{
                        _functionKind: wit._functionKind{},
                        Type:          &wit.TypeDef{(CYCLIC REFERENCE)},
                    },
                    Params: {
                        {
                            Name: "self",
                            Type: &wit.TypeDef{
                                _type:      wit._type{},
                                _worldItem: wit._worldItem{},
                                Name:       (*string)(nil),
                                Kind:       &wit.Borrow{
                                    _handle: wit._handle{},
                                    Type:    &wit.TypeDef{(CYCLIC REFERENCE)},
                                },
                                Owner: nil,
                                Docs:  wit.Docs{},
                            },
                        },
                    },
                    Results: nil,
                    Docs:    wit.Docs{},
                },
            },
            Package: &wit.Package{
                Name: wit.Ident{
                    Namespace: "examples",
                    Package:   "resources-in-world",
                    Extension: "",
                    Version:   (*semver.Version)(nil),
                },
                Interfaces: {
                    "types": &wit.Interface{(CYCLIC REFERENCE)},
                },
                Worlds: {
                    "imports": &wit.World{(CYCLIC REFERENCE)},
                },
                Docs: wit.Docs{},
            },
            Docs: wit.Docs{},
        },
    },
    TypeDefs: {
        &wit.TypeDef{
            _type:      wit._type{},
            _worldItem: wit._worldItem{},
            Name:       &"foo",
            Kind:       &wit.Resource{},
            Owner:      &wit.Interface{(CYCLIC REFERENCE)},
            Docs:       wit.Docs{},
        },
        &wit.TypeDef{
            _type:      wit._type{},
            _worldItem: wit._worldItem{},
            Name:       (*string)(nil),
            Kind:       &wit.Borrow{
                _handle: wit._handle{},
                Type:    &wit.TypeDef{(CYCLIC REFERENCE)},
            },
            Owner: nil,
            Docs:  wit.Docs{},
        },
    },
    Packages: {
        &wit.Package{
            Name: wit.Ident{
                Namespace: "examples",
                Package:   "resources-in-world",
                Extension: "",
                Version:   (*semver.Version)(nil),
            },
            Interfaces: {
                "types": &wit.Interface{(CYCLIC REFERENCE)},
            },
            Worlds: {
                "imports": &wit.World{(CYCLIC REFERENCE)},
            },
            Docs: wit.Docs{},
        },
    },
}